// Jest Snapshot v1, https://goo.gl/fbAQLP

exports[`component selector should be converted to use the emotion target className 1`] = `
.emotion-0 .emotion-2 {
  color: red;
}

.emotion-1 {
  color: blue;
}

<div
  className="emotion-0"
>
  <div
    className="emotion-1 emotion-2"
  />
</div>
`;
