// Jest Snapshot v1, https://goo.gl/fbAQLP

exports[`css css without newline or semicolon 1`] = `
".css-6kh100-cls {
  color: hotpink;
}

/*# sourceMappingURL=data:application/json;charset=utf-8;base64,eyJ2ZXJzaW9uIjozLCJzb3VyY2VzIjpbInNvdXJjZS1tYXAudGVzdC5qcyJdLCJuYW1lcyI6W10sIm1hcHBpbmdzIjoiQUFtRG1CIiwiZmlsZSI6InNvdXJjZS1tYXAudGVzdC5qcyIsInNvdXJjZXNDb250ZW50IjpbImltcG9ydCAndGVzdC11dGlscy9sZWdhY3ktZW52J1xuaW1wb3J0IHsgY3NzLCBzaGVldCwgZmx1c2ggfSBmcm9tICdlbW90aW9uJ1xuXG5nbG9iYWwuc2hvdWxkS2VlcFNvdXJjZU1hcHMgPSB0cnVlXG5cbmRlc2NyaWJlKCdjc3MnLCAoKSA9PiB7XG4gIGFmdGVyRWFjaCgoKSA9PiBmbHVzaCgpKVxuICB0ZXN0KCdzb3VyY2UtbWFwIG5lc3RlZCBzdHlsZXMnLCAoKSA9PiB7XG4gICAgY29uc3QgbXEgPSBbXG4gICAgICAnQG1lZGlhKG1pbi13aWR0aDogNDIwcHgpJyxcbiAgICAgICdAbWVkaWEobWluLXdpZHRoOiA2NDBweCknLFxuICAgICAgJ0BtZWRpYShtaW4td2lkdGg6IDk2MHB4KSdcbiAgICBdXG5cbiAgICBjc3Moe1xuICAgICAgY29sb3I6ICdibHVlJyxcbiAgICAgICcmOmhvdmVyJzoge1xuICAgICAgICAnJiAubmFtZSc6IHtcbiAgICAgICAgICBjb2xvcjogJ2FtZXRoeXN0JyxcbiAgICAgICAgICAnJjpmb2N1cyc6IHtcbiAgICAgICAgICAgIGNvbG9yOiAnYnVybHl3b29kJyxcbiAgICAgICAgICAgIFttcVswXV06IHtcbiAgICAgICAgICAgICAgY29sb3I6ICdyZWJlY2NhcHVycGxlJ1xuICAgICAgICAgICAgfVxuICAgICAgICAgIH1cbiAgICAgICAgfSxcbiAgICAgICAgY29sb3I6ICdncmVlbidcbiAgICAgIH1cbiAgICB9KVxuICAgIGV4cGVjdChzaGVldCkudG9NYXRjaFNuYXBzaG90KClcbiAgfSlcblxuICB0ZXN0KCdzb3VyY2UtbWFwIG5lc3RlZCBtZWRpYSBxdWVyaWVzJywgKCkgPT4ge1xuICAgIGNzc2BcbiAgICAgIEBtZWRpYSAobWF4LXdpZHRoOiA2MDBweCkge1xuICAgICAgICBoMSB7XG4gICAgICAgICAgZm9udC1zaXplOiAxLjRyZW07XG4gICAgICAgIH1cbiAgICAgIH1cblxuICAgICAgQG1lZGlhIChtYXgtd2lkdGg6IDQwMHB4KSwgKG1heC1oZWlnaHQ6IDQyMHB4KSB7XG4gICAgICAgIGgxIHtcbiAgICAgICAgICBmb250LXNpemU6IDEuMXJlbTtcbiAgICAgICAgfVxuICAgICAgfVxuICAgIGBcblxuICAgIGV4cGVjdChzaGVldCkudG9NYXRjaFNuYXBzaG90KClcbiAgfSlcbiAgdGVzdCgnY3NzIHdpdGhvdXQgbmV3bGluZSBvciBzZW1pY29sb24nLCAoKSA9PiB7XG4gICAgLy8gZXNsaW50LWRpc2FibGUtbmV4dC1saW5lXG4gICAgY29uc3QgY2xzID0gY3NzYFxuICAgICAgY29sb3I6IGhvdHBpbms7XG4gICAgYFxuICAgIGV4cGVjdChzaGVldCkudG9NYXRjaFNuYXBzaG90KClcbiAgfSlcbn0pXG4iXX0= */"
`;

exports[`css source-map nested media queries 1`] = `
"@media (max-width:600px) {
  .css-acogag h1 {
    font-size: 1.4rem;
  }
}

/*# sourceMappingURL=data:application/json;charset=utf-8;base64,eyJ2ZXJzaW9uIjozLCJzb3VyY2VzIjpbInNvdXJjZS1tYXAudGVzdC5qcyJdLCJuYW1lcyI6W10sIm1hcHBpbmdzIjoiQUFpQ08iLCJmaWxlIjoic291cmNlLW1hcC50ZXN0LmpzIiwic291cmNlc0NvbnRlbnQiOlsiaW1wb3J0ICd0ZXN0LXV0aWxzL2xlZ2FjeS1lbnYnXG5pbXBvcnQgeyBjc3MsIHNoZWV0LCBmbHVzaCB9IGZyb20gJ2Vtb3Rpb24nXG5cbmdsb2JhbC5zaG91bGRLZWVwU291cmNlTWFwcyA9IHRydWVcblxuZGVzY3JpYmUoJ2NzcycsICgpID0+IHtcbiAgYWZ0ZXJFYWNoKCgpID0+IGZsdXNoKCkpXG4gIHRlc3QoJ3NvdXJjZS1tYXAgbmVzdGVkIHN0eWxlcycsICgpID0+IHtcbiAgICBjb25zdCBtcSA9IFtcbiAgICAgICdAbWVkaWEobWluLXdpZHRoOiA0MjBweCknLFxuICAgICAgJ0BtZWRpYShtaW4td2lkdGg6IDY0MHB4KScsXG4gICAgICAnQG1lZGlhKG1pbi13aWR0aDogOTYwcHgpJ1xuICAgIF1cblxuICAgIGNzcyh7XG4gICAgICBjb2xvcjogJ2JsdWUnLFxuICAgICAgJyY6aG92ZXInOiB7XG4gICAgICAgICcmIC5uYW1lJzoge1xuICAgICAgICAgIGNvbG9yOiAnYW1ldGh5c3QnLFxuICAgICAgICAgICcmOmZvY3VzJzoge1xuICAgICAgICAgICAgY29sb3I6ICdidXJseXdvb2QnLFxuICAgICAgICAgICAgW21xWzBdXToge1xuICAgICAgICAgICAgICBjb2xvcjogJ3JlYmVjY2FwdXJwbGUnXG4gICAgICAgICAgICB9XG4gICAgICAgICAgfVxuICAgICAgICB9LFxuICAgICAgICBjb2xvcjogJ2dyZWVuJ1xuICAgICAgfVxuICAgIH0pXG4gICAgZXhwZWN0KHNoZWV0KS50b01hdGNoU25hcHNob3QoKVxuICB9KVxuXG4gIHRlc3QoJ3NvdXJjZS1tYXAgbmVzdGVkIG1lZGlhIHF1ZXJpZXMnLCAoKSA9PiB7XG4gICAgY3NzYFxuICAgICAgQG1lZGlhIChtYXgtd2lkdGg6IDYwMHB4KSB7XG4gICAgICAgIGgxIHtcbiAgICAgICAgICBmb250LXNpemU6IDEuNHJlbTtcbiAgICAgICAgfVxuICAgICAgfVxuXG4gICAgICBAbWVkaWEgKG1heC13aWR0aDogNDAwcHgpLCAobWF4LWhlaWdodDogNDIwcHgpIHtcbiAgICAgICAgaDEge1xuICAgICAgICAgIGZvbnQtc2l6ZTogMS4xcmVtO1xuICAgICAgICB9XG4gICAgICB9XG4gICAgYFxuXG4gICAgZXhwZWN0KHNoZWV0KS50b01hdGNoU25hcHNob3QoKVxuICB9KVxuICB0ZXN0KCdjc3Mgd2l0aG91dCBuZXdsaW5lIG9yIHNlbWljb2xvbicsICgpID0+IHtcbiAgICAvLyBlc2xpbnQtZGlzYWJsZS1uZXh0LWxpbmVcbiAgICBjb25zdCBjbHMgPSBjc3NgXG4gICAgICBjb2xvcjogaG90cGluaztcbiAgICBgXG4gICAgZXhwZWN0KHNoZWV0KS50b01hdGNoU25hcHNob3QoKVxuICB9KVxufSlcbiJdfQ== */

@media (max-width:400px),(max-height:420px) {
  .css-acogag h1 {
    font-size: 1.1rem;
  }
}

/*# sourceMappingURL=data:application/json;charset=utf-8;base64,eyJ2ZXJzaW9uIjozLCJzb3VyY2VzIjpbInNvdXJjZS1tYXAudGVzdC5qcyJdLCJuYW1lcyI6W10sIm1hcHBpbmdzIjoiQUFpQ08iLCJmaWxlIjoic291cmNlLW1hcC50ZXN0LmpzIiwic291cmNlc0NvbnRlbnQiOlsiaW1wb3J0ICd0ZXN0LXV0aWxzL2xlZ2FjeS1lbnYnXG5pbXBvcnQgeyBjc3MsIHNoZWV0LCBmbHVzaCB9IGZyb20gJ2Vtb3Rpb24nXG5cbmdsb2JhbC5zaG91bGRLZWVwU291cmNlTWFwcyA9IHRydWVcblxuZGVzY3JpYmUoJ2NzcycsICgpID0+IHtcbiAgYWZ0ZXJFYWNoKCgpID0+IGZsdXNoKCkpXG4gIHRlc3QoJ3NvdXJjZS1tYXAgbmVzdGVkIHN0eWxlcycsICgpID0+IHtcbiAgICBjb25zdCBtcSA9IFtcbiAgICAgICdAbWVkaWEobWluLXdpZHRoOiA0MjBweCknLFxuICAgICAgJ0BtZWRpYShtaW4td2lkdGg6IDY0MHB4KScsXG4gICAgICAnQG1lZGlhKG1pbi13aWR0aDogOTYwcHgpJ1xuICAgIF1cblxuICAgIGNzcyh7XG4gICAgICBjb2xvcjogJ2JsdWUnLFxuICAgICAgJyY6aG92ZXInOiB7XG4gICAgICAgICcmIC5uYW1lJzoge1xuICAgICAgICAgIGNvbG9yOiAnYW1ldGh5c3QnLFxuICAgICAgICAgICcmOmZvY3VzJzoge1xuICAgICAgICAgICAgY29sb3I6ICdidXJseXdvb2QnLFxuICAgICAgICAgICAgW21xWzBdXToge1xuICAgICAgICAgICAgICBjb2xvcjogJ3JlYmVjY2FwdXJwbGUnXG4gICAgICAgICAgICB9XG4gICAgICAgICAgfVxuICAgICAgICB9LFxuICAgICAgICBjb2xvcjogJ2dyZWVuJ1xuICAgICAgfVxuICAgIH0pXG4gICAgZXhwZWN0KHNoZWV0KS50b01hdGNoU25hcHNob3QoKVxuICB9KVxuXG4gIHRlc3QoJ3NvdXJjZS1tYXAgbmVzdGVkIG1lZGlhIHF1ZXJpZXMnLCAoKSA9PiB7XG4gICAgY3NzYFxuICAgICAgQG1lZGlhIChtYXgtd2lkdGg6IDYwMHB4KSB7XG4gICAgICAgIGgxIHtcbiAgICAgICAgICBmb250LXNpemU6IDEuNHJlbTtcbiAgICAgICAgfVxuICAgICAgfVxuXG4gICAgICBAbWVkaWEgKG1heC13aWR0aDogNDAwcHgpLCAobWF4LWhlaWdodDogNDIwcHgpIHtcbiAgICAgICAgaDEge1xuICAgICAgICAgIGZvbnQtc2l6ZTogMS4xcmVtO1xuICAgICAgICB9XG4gICAgICB9XG4gICAgYFxuXG4gICAgZXhwZWN0KHNoZWV0KS50b01hdGNoU25hcHNob3QoKVxuICB9KVxuICB0ZXN0KCdjc3Mgd2l0aG91dCBuZXdsaW5lIG9yIHNlbWljb2xvbicsICgpID0+IHtcbiAgICAvLyBlc2xpbnQtZGlzYWJsZS1uZXh0LWxpbmVcbiAgICBjb25zdCBjbHMgPSBjc3NgXG4gICAgICBjb2xvcjogaG90cGluaztcbiAgICBgXG4gICAgZXhwZWN0KHNoZWV0KS50b01hdGNoU25hcHNob3QoKVxuICB9KVxufSlcbiJdfQ== */"
`;

exports[`css source-map nested styles 1`] = `
".css-s7aswl {
  color: blue;
}

/*# sourceMappingURL=data:application/json;charset=utf-8;base64,eyJ2ZXJzaW9uIjozLCJzb3VyY2VzIjpbInNvdXJjZS1tYXAudGVzdC5qcyJdLCJuYW1lcyI6W10sIm1hcHBpbmdzIjoiQUFjSSIsImZpbGUiOiJzb3VyY2UtbWFwLnRlc3QuanMiLCJzb3VyY2VzQ29udGVudCI6WyJpbXBvcnQgJ3Rlc3QtdXRpbHMvbGVnYWN5LWVudidcbmltcG9ydCB7IGNzcywgc2hlZXQsIGZsdXNoIH0gZnJvbSAnZW1vdGlvbidcblxuZ2xvYmFsLnNob3VsZEtlZXBTb3VyY2VNYXBzID0gdHJ1ZVxuXG5kZXNjcmliZSgnY3NzJywgKCkgPT4ge1xuICBhZnRlckVhY2goKCkgPT4gZmx1c2goKSlcbiAgdGVzdCgnc291cmNlLW1hcCBuZXN0ZWQgc3R5bGVzJywgKCkgPT4ge1xuICAgIGNvbnN0IG1xID0gW1xuICAgICAgJ0BtZWRpYShtaW4td2lkdGg6IDQyMHB4KScsXG4gICAgICAnQG1lZGlhKG1pbi13aWR0aDogNjQwcHgpJyxcbiAgICAgICdAbWVkaWEobWluLXdpZHRoOiA5NjBweCknXG4gICAgXVxuXG4gICAgY3NzKHtcbiAgICAgIGNvbG9yOiAnYmx1ZScsXG4gICAgICAnJjpob3Zlcic6IHtcbiAgICAgICAgJyYgLm5hbWUnOiB7XG4gICAgICAgICAgY29sb3I6ICdhbWV0aHlzdCcsXG4gICAgICAgICAgJyY6Zm9jdXMnOiB7XG4gICAgICAgICAgICBjb2xvcjogJ2J1cmx5d29vZCcsXG4gICAgICAgICAgICBbbXFbMF1dOiB7XG4gICAgICAgICAgICAgIGNvbG9yOiAncmViZWNjYXB1cnBsZSdcbiAgICAgICAgICAgIH1cbiAgICAgICAgICB9XG4gICAgICAgIH0sXG4gICAgICAgIGNvbG9yOiAnZ3JlZW4nXG4gICAgICB9XG4gICAgfSlcbiAgICBleHBlY3Qoc2hlZXQpLnRvTWF0Y2hTbmFwc2hvdCgpXG4gIH0pXG5cbiAgdGVzdCgnc291cmNlLW1hcCBuZXN0ZWQgbWVkaWEgcXVlcmllcycsICgpID0+IHtcbiAgICBjc3NgXG4gICAgICBAbWVkaWEgKG1heC13aWR0aDogNjAwcHgpIHtcbiAgICAgICAgaDEge1xuICAgICAgICAgIGZvbnQtc2l6ZTogMS40cmVtO1xuICAgICAgICB9XG4gICAgICB9XG5cbiAgICAgIEBtZWRpYSAobWF4LXdpZHRoOiA0MDBweCksIChtYXgtaGVpZ2h0OiA0MjBweCkge1xuICAgICAgICBoMSB7XG4gICAgICAgICAgZm9udC1zaXplOiAxLjFyZW07XG4gICAgICAgIH1cbiAgICAgIH1cbiAgICBgXG5cbiAgICBleHBlY3Qoc2hlZXQpLnRvTWF0Y2hTbmFwc2hvdCgpXG4gIH0pXG4gIHRlc3QoJ2NzcyB3aXRob3V0IG5ld2xpbmUgb3Igc2VtaWNvbG9uJywgKCkgPT4ge1xuICAgIC8vIGVzbGludC1kaXNhYmxlLW5leHQtbGluZVxuICAgIGNvbnN0IGNscyA9IGNzc2BcbiAgICAgIGNvbG9yOiBob3RwaW5rO1xuICAgIGBcbiAgICBleHBlY3Qoc2hlZXQpLnRvTWF0Y2hTbmFwc2hvdCgpXG4gIH0pXG59KVxuIl19 */

.css-s7aswl:hover {
  color: green;
}

/*# sourceMappingURL=data:application/json;charset=utf-8;base64,eyJ2ZXJzaW9uIjozLCJzb3VyY2VzIjpbInNvdXJjZS1tYXAudGVzdC5qcyJdLCJuYW1lcyI6W10sIm1hcHBpbmdzIjoiQUFjSSIsImZpbGUiOiJzb3VyY2UtbWFwLnRlc3QuanMiLCJzb3VyY2VzQ29udGVudCI6WyJpbXBvcnQgJ3Rlc3QtdXRpbHMvbGVnYWN5LWVudidcbmltcG9ydCB7IGNzcywgc2hlZXQsIGZsdXNoIH0gZnJvbSAnZW1vdGlvbidcblxuZ2xvYmFsLnNob3VsZEtlZXBTb3VyY2VNYXBzID0gdHJ1ZVxuXG5kZXNjcmliZSgnY3NzJywgKCkgPT4ge1xuICBhZnRlckVhY2goKCkgPT4gZmx1c2goKSlcbiAgdGVzdCgnc291cmNlLW1hcCBuZXN0ZWQgc3R5bGVzJywgKCkgPT4ge1xuICAgIGNvbnN0IG1xID0gW1xuICAgICAgJ0BtZWRpYShtaW4td2lkdGg6IDQyMHB4KScsXG4gICAgICAnQG1lZGlhKG1pbi13aWR0aDogNjQwcHgpJyxcbiAgICAgICdAbWVkaWEobWluLXdpZHRoOiA5NjBweCknXG4gICAgXVxuXG4gICAgY3NzKHtcbiAgICAgIGNvbG9yOiAnYmx1ZScsXG4gICAgICAnJjpob3Zlcic6IHtcbiAgICAgICAgJyYgLm5hbWUnOiB7XG4gICAgICAgICAgY29sb3I6ICdhbWV0aHlzdCcsXG4gICAgICAgICAgJyY6Zm9jdXMnOiB7XG4gICAgICAgICAgICBjb2xvcjogJ2J1cmx5d29vZCcsXG4gICAgICAgICAgICBbbXFbMF1dOiB7XG4gICAgICAgICAgICAgIGNvbG9yOiAncmViZWNjYXB1cnBsZSdcbiAgICAgICAgICAgIH1cbiAgICAgICAgICB9XG4gICAgICAgIH0sXG4gICAgICAgIGNvbG9yOiAnZ3JlZW4nXG4gICAgICB9XG4gICAgfSlcbiAgICBleHBlY3Qoc2hlZXQpLnRvTWF0Y2hTbmFwc2hvdCgpXG4gIH0pXG5cbiAgdGVzdCgnc291cmNlLW1hcCBuZXN0ZWQgbWVkaWEgcXVlcmllcycsICgpID0+IHtcbiAgICBjc3NgXG4gICAgICBAbWVkaWEgKG1heC13aWR0aDogNjAwcHgpIHtcbiAgICAgICAgaDEge1xuICAgICAgICAgIGZvbnQtc2l6ZTogMS40cmVtO1xuICAgICAgICB9XG4gICAgICB9XG5cbiAgICAgIEBtZWRpYSAobWF4LXdpZHRoOiA0MDBweCksIChtYXgtaGVpZ2h0OiA0MjBweCkge1xuICAgICAgICBoMSB7XG4gICAgICAgICAgZm9udC1zaXplOiAxLjFyZW07XG4gICAgICAgIH1cbiAgICAgIH1cbiAgICBgXG5cbiAgICBleHBlY3Qoc2hlZXQpLnRvTWF0Y2hTbmFwc2hvdCgpXG4gIH0pXG4gIHRlc3QoJ2NzcyB3aXRob3V0IG5ld2xpbmUgb3Igc2VtaWNvbG9uJywgKCkgPT4ge1xuICAgIC8vIGVzbGludC1kaXNhYmxlLW5leHQtbGluZVxuICAgIGNvbnN0IGNscyA9IGNzc2BcbiAgICAgIGNvbG9yOiBob3RwaW5rO1xuICAgIGBcbiAgICBleHBlY3Qoc2hlZXQpLnRvTWF0Y2hTbmFwc2hvdCgpXG4gIH0pXG59KVxuIl19 */

.css-s7aswl:hover .name {
  color: amethyst;
}

/*# sourceMappingURL=data:application/json;charset=utf-8;base64,eyJ2ZXJzaW9uIjozLCJzb3VyY2VzIjpbInNvdXJjZS1tYXAudGVzdC5qcyJdLCJuYW1lcyI6W10sIm1hcHBpbmdzIjoiQUFjSSIsImZpbGUiOiJzb3VyY2UtbWFwLnRlc3QuanMiLCJzb3VyY2VzQ29udGVudCI6WyJpbXBvcnQgJ3Rlc3QtdXRpbHMvbGVnYWN5LWVudidcbmltcG9ydCB7IGNzcywgc2hlZXQsIGZsdXNoIH0gZnJvbSAnZW1vdGlvbidcblxuZ2xvYmFsLnNob3VsZEtlZXBTb3VyY2VNYXBzID0gdHJ1ZVxuXG5kZXNjcmliZSgnY3NzJywgKCkgPT4ge1xuICBhZnRlckVhY2goKCkgPT4gZmx1c2goKSlcbiAgdGVzdCgnc291cmNlLW1hcCBuZXN0ZWQgc3R5bGVzJywgKCkgPT4ge1xuICAgIGNvbnN0IG1xID0gW1xuICAgICAgJ0BtZWRpYShtaW4td2lkdGg6IDQyMHB4KScsXG4gICAgICAnQG1lZGlhKG1pbi13aWR0aDogNjQwcHgpJyxcbiAgICAgICdAbWVkaWEobWluLXdpZHRoOiA5NjBweCknXG4gICAgXVxuXG4gICAgY3NzKHtcbiAgICAgIGNvbG9yOiAnYmx1ZScsXG4gICAgICAnJjpob3Zlcic6IHtcbiAgICAgICAgJyYgLm5hbWUnOiB7XG4gICAgICAgICAgY29sb3I6ICdhbWV0aHlzdCcsXG4gICAgICAgICAgJyY6Zm9jdXMnOiB7XG4gICAgICAgICAgICBjb2xvcjogJ2J1cmx5d29vZCcsXG4gICAgICAgICAgICBbbXFbMF1dOiB7XG4gICAgICAgICAgICAgIGNvbG9yOiAncmViZWNjYXB1cnBsZSdcbiAgICAgICAgICAgIH1cbiAgICAgICAgICB9XG4gICAgICAgIH0sXG4gICAgICAgIGNvbG9yOiAnZ3JlZW4nXG4gICAgICB9XG4gICAgfSlcbiAgICBleHBlY3Qoc2hlZXQpLnRvTWF0Y2hTbmFwc2hvdCgpXG4gIH0pXG5cbiAgdGVzdCgnc291cmNlLW1hcCBuZXN0ZWQgbWVkaWEgcXVlcmllcycsICgpID0+IHtcbiAgICBjc3NgXG4gICAgICBAbWVkaWEgKG1heC13aWR0aDogNjAwcHgpIHtcbiAgICAgICAgaDEge1xuICAgICAgICAgIGZvbnQtc2l6ZTogMS40cmVtO1xuICAgICAgICB9XG4gICAgICB9XG5cbiAgICAgIEBtZWRpYSAobWF4LXdpZHRoOiA0MDBweCksIChtYXgtaGVpZ2h0OiA0MjBweCkge1xuICAgICAgICBoMSB7XG4gICAgICAgICAgZm9udC1zaXplOiAxLjFyZW07XG4gICAgICAgIH1cbiAgICAgIH1cbiAgICBgXG5cbiAgICBleHBlY3Qoc2hlZXQpLnRvTWF0Y2hTbmFwc2hvdCgpXG4gIH0pXG4gIHRlc3QoJ2NzcyB3aXRob3V0IG5ld2xpbmUgb3Igc2VtaWNvbG9uJywgKCkgPT4ge1xuICAgIC8vIGVzbGludC1kaXNhYmxlLW5leHQtbGluZVxuICAgIGNvbnN0IGNscyA9IGNzc2BcbiAgICAgIGNvbG9yOiBob3RwaW5rO1xuICAgIGBcbiAgICBleHBlY3Qoc2hlZXQpLnRvTWF0Y2hTbmFwc2hvdCgpXG4gIH0pXG59KVxuIl19 */

.css-s7aswl:hover .name:focus {
  color: burlywood;
}

/*# sourceMappingURL=data:application/json;charset=utf-8;base64,eyJ2ZXJzaW9uIjozLCJzb3VyY2VzIjpbInNvdXJjZS1tYXAudGVzdC5qcyJdLCJuYW1lcyI6W10sIm1hcHBpbmdzIjoiQUFjSSIsImZpbGUiOiJzb3VyY2UtbWFwLnRlc3QuanMiLCJzb3VyY2VzQ29udGVudCI6WyJpbXBvcnQgJ3Rlc3QtdXRpbHMvbGVnYWN5LWVudidcbmltcG9ydCB7IGNzcywgc2hlZXQsIGZsdXNoIH0gZnJvbSAnZW1vdGlvbidcblxuZ2xvYmFsLnNob3VsZEtlZXBTb3VyY2VNYXBzID0gdHJ1ZVxuXG5kZXNjcmliZSgnY3NzJywgKCkgPT4ge1xuICBhZnRlckVhY2goKCkgPT4gZmx1c2goKSlcbiAgdGVzdCgnc291cmNlLW1hcCBuZXN0ZWQgc3R5bGVzJywgKCkgPT4ge1xuICAgIGNvbnN0IG1xID0gW1xuICAgICAgJ0BtZWRpYShtaW4td2lkdGg6IDQyMHB4KScsXG4gICAgICAnQG1lZGlhKG1pbi13aWR0aDogNjQwcHgpJyxcbiAgICAgICdAbWVkaWEobWluLXdpZHRoOiA5NjBweCknXG4gICAgXVxuXG4gICAgY3NzKHtcbiAgICAgIGNvbG9yOiAnYmx1ZScsXG4gICAgICAnJjpob3Zlcic6IHtcbiAgICAgICAgJyYgLm5hbWUnOiB7XG4gICAgICAgICAgY29sb3I6ICdhbWV0aHlzdCcsXG4gICAgICAgICAgJyY6Zm9jdXMnOiB7XG4gICAgICAgICAgICBjb2xvcjogJ2J1cmx5d29vZCcsXG4gICAgICAgICAgICBbbXFbMF1dOiB7XG4gICAgICAgICAgICAgIGNvbG9yOiAncmViZWNjYXB1cnBsZSdcbiAgICAgICAgICAgIH1cbiAgICAgICAgICB9XG4gICAgICAgIH0sXG4gICAgICAgIGNvbG9yOiAnZ3JlZW4nXG4gICAgICB9XG4gICAgfSlcbiAgICBleHBlY3Qoc2hlZXQpLnRvTWF0Y2hTbmFwc2hvdCgpXG4gIH0pXG5cbiAgdGVzdCgnc291cmNlLW1hcCBuZXN0ZWQgbWVkaWEgcXVlcmllcycsICgpID0+IHtcbiAgICBjc3NgXG4gICAgICBAbWVkaWEgKG1heC13aWR0aDogNjAwcHgpIHtcbiAgICAgICAgaDEge1xuICAgICAgICAgIGZvbnQtc2l6ZTogMS40cmVtO1xuICAgICAgICB9XG4gICAgICB9XG5cbiAgICAgIEBtZWRpYSAobWF4LXdpZHRoOiA0MDBweCksIChtYXgtaGVpZ2h0OiA0MjBweCkge1xuICAgICAgICBoMSB7XG4gICAgICAgICAgZm9udC1zaXplOiAxLjFyZW07XG4gICAgICAgIH1cbiAgICAgIH1cbiAgICBgXG5cbiAgICBleHBlY3Qoc2hlZXQpLnRvTWF0Y2hTbmFwc2hvdCgpXG4gIH0pXG4gIHRlc3QoJ2NzcyB3aXRob3V0IG5ld2xpbmUgb3Igc2VtaWNvbG9uJywgKCkgPT4ge1xuICAgIC8vIGVzbGludC1kaXNhYmxlLW5leHQtbGluZVxuICAgIGNvbnN0IGNscyA9IGNzc2BcbiAgICAgIGNvbG9yOiBob3RwaW5rO1xuICAgIGBcbiAgICBleHBlY3Qoc2hlZXQpLnRvTWF0Y2hTbmFwc2hvdCgpXG4gIH0pXG59KVxuIl19 */

@media (min-width:420px) {
  .css-s7aswl:hover .name:focus {
    color: rebeccapurple;
  }
}

/*# sourceMappingURL=data:application/json;charset=utf-8;base64,eyJ2ZXJzaW9uIjozLCJzb3VyY2VzIjpbInNvdXJjZS1tYXAudGVzdC5qcyJdLCJuYW1lcyI6W10sIm1hcHBpbmdzIjoiQUFjSSIsImZpbGUiOiJzb3VyY2UtbWFwLnRlc3QuanMiLCJzb3VyY2VzQ29udGVudCI6WyJpbXBvcnQgJ3Rlc3QtdXRpbHMvbGVnYWN5LWVudidcbmltcG9ydCB7IGNzcywgc2hlZXQsIGZsdXNoIH0gZnJvbSAnZW1vdGlvbidcblxuZ2xvYmFsLnNob3VsZEtlZXBTb3VyY2VNYXBzID0gdHJ1ZVxuXG5kZXNjcmliZSgnY3NzJywgKCkgPT4ge1xuICBhZnRlckVhY2goKCkgPT4gZmx1c2goKSlcbiAgdGVzdCgnc291cmNlLW1hcCBuZXN0ZWQgc3R5bGVzJywgKCkgPT4ge1xuICAgIGNvbnN0IG1xID0gW1xuICAgICAgJ0BtZWRpYShtaW4td2lkdGg6IDQyMHB4KScsXG4gICAgICAnQG1lZGlhKG1pbi13aWR0aDogNjQwcHgpJyxcbiAgICAgICdAbWVkaWEobWluLXdpZHRoOiA5NjBweCknXG4gICAgXVxuXG4gICAgY3NzKHtcbiAgICAgIGNvbG9yOiAnYmx1ZScsXG4gICAgICAnJjpob3Zlcic6IHtcbiAgICAgICAgJyYgLm5hbWUnOiB7XG4gICAgICAgICAgY29sb3I6ICdhbWV0aHlzdCcsXG4gICAgICAgICAgJyY6Zm9jdXMnOiB7XG4gICAgICAgICAgICBjb2xvcjogJ2J1cmx5d29vZCcsXG4gICAgICAgICAgICBbbXFbMF1dOiB7XG4gICAgICAgICAgICAgIGNvbG9yOiAncmViZWNjYXB1cnBsZSdcbiAgICAgICAgICAgIH1cbiAgICAgICAgICB9XG4gICAgICAgIH0sXG4gICAgICAgIGNvbG9yOiAnZ3JlZW4nXG4gICAgICB9XG4gICAgfSlcbiAgICBleHBlY3Qoc2hlZXQpLnRvTWF0Y2hTbmFwc2hvdCgpXG4gIH0pXG5cbiAgdGVzdCgnc291cmNlLW1hcCBuZXN0ZWQgbWVkaWEgcXVlcmllcycsICgpID0+IHtcbiAgICBjc3NgXG4gICAgICBAbWVkaWEgKG1heC13aWR0aDogNjAwcHgpIHtcbiAgICAgICAgaDEge1xuICAgICAgICAgIGZvbnQtc2l6ZTogMS40cmVtO1xuICAgICAgICB9XG4gICAgICB9XG5cbiAgICAgIEBtZWRpYSAobWF4LXdpZHRoOiA0MDBweCksIChtYXgtaGVpZ2h0OiA0MjBweCkge1xuICAgICAgICBoMSB7XG4gICAgICAgICAgZm9udC1zaXplOiAxLjFyZW07XG4gICAgICAgIH1cbiAgICAgIH1cbiAgICBgXG5cbiAgICBleHBlY3Qoc2hlZXQpLnRvTWF0Y2hTbmFwc2hvdCgpXG4gIH0pXG4gIHRlc3QoJ2NzcyB3aXRob3V0IG5ld2xpbmUgb3Igc2VtaWNvbG9uJywgKCkgPT4ge1xuICAgIC8vIGVzbGludC1kaXNhYmxlLW5leHQtbGluZVxuICAgIGNvbnN0IGNscyA9IGNzc2BcbiAgICAgIGNvbG9yOiBob3RwaW5rO1xuICAgIGBcbiAgICBleHBlY3Qoc2hlZXQpLnRvTWF0Y2hTbmFwc2hvdCgpXG4gIH0pXG59KVxuIl19 */"
`;
