// Jest Snapshot v1, https://goo.gl/fbAQLP

exports[`extractCriticalToChunks generates correct style tags using constructStyleTagsFromChunks 1`] = `
<style data-emotion="css-global l6h">
  body{color:white;}
</style>
<style data-emotion="css-global 10q49a4">
  html{background:red;}
</style>
<style data-emotion="css fgjrlg-hoverStyles-Something_Main">
  .css-fgjrlg-hoverStyles-Something_Main{color:hotpink;display:-webkit-box;display:-webkit-flex;display:-ms-flexbox;display:flex;}.css-fgjrlg-hoverStyles-Something_Main:hover{color:white;background-color:lightgray;border-color:aqua;box-shadow:-15px -15px 0 0 aqua,-30px -30px 0 0 cornflowerblue;}
</style>
`;

exports[`extractCriticalToChunks generates correct style tags using constructStyleTagsFromChunks 2`] = `
<style data-emotion="css-global l6h">
  body{color:white;}
</style>
<style data-emotion="css-global 10q49a4">
  html{background:red;}
</style>
<style data-emotion="css fgjrlg-hoverStyles-Something_Main">
  .css-fgjrlg-hoverStyles-Something_Main{color:hotpink;display:-webkit-box;display:-webkit-flex;display:-ms-flexbox;display:flex;}.css-fgjrlg-hoverStyles-Something_Main:hover{color:white;background-color:lightgray;border-color:aqua;box-shadow:-15px -15px 0 0 aqua,-30px -30px 0 0 cornflowerblue;}
</style>
`;

exports[`extractCriticalToChunks returns static css 1`] = `
{
  "html": <main class="css-fgjrlg-hoverStyles-Something_Main">
</main>,
  "styles": [
    {
      "css": "body {
  color: white;
}",
      "ids": [
        "l6h",
      ],
      "key": "css-global",
    },
    {
      "css": "html {
  background: red;
}",
      "ids": [
        "10q49a4",
      ],
      "key": "css-global",
    },
    {
      "css": ".css-fgjrlg-hoverStyles-Something_Main {
  color: hotpink;
  display: -webkit-box;
  display: -webkit-flex;
  display: -ms-flexbox;
  display: flex;
}

.css-fgjrlg-hoverStyles-Something_Main:hover {
  color: white;
  background-color: lightgray;
  border-color: aqua;
  box-shadow: -15px -15px 0 0 aqua,-30px -30px 0 0 cornflowerblue;
}",
      "ids": [
        "fgjrlg-hoverStyles-Something_Main",
      ],
      "key": "css",
    },
  ],
}
`;

exports[`extractCriticalToChunks returns static css 2`] = `
{
  "html": <main class="css-fgjrlg-hoverStyles-Something_Main">
</main>,
  "styles": [
    {
      "css": "body {
  color: white;
}",
      "ids": [
        "l6h",
      ],
      "key": "css-global",
    },
    {
      "css": "html {
  background: red;
}",
      "ids": [
        "10q49a4",
      ],
      "key": "css-global",
    },
    {
      "css": ".css-fgjrlg-hoverStyles-Something_Main {
  color: hotpink;
  display: -webkit-box;
  display: -webkit-flex;
  display: -ms-flexbox;
  display: flex;
}

.css-fgjrlg-hoverStyles-Something_Main:hover {
  color: white;
  background-color: lightgray;
  border-color: aqua;
  box-shadow: -15px -15px 0 0 aqua,-30px -30px 0 0 cornflowerblue;
}",
      "ids": [
        "fgjrlg-hoverStyles-Something_Main",
      ],
      "key": "css",
    },
  ],
}
`;
