// Jest Snapshot v1, https://goo.gl/fbAQLP

exports[`disable source map css 1`] = `
"import { css } from '@emotion/react'

let style = css({ color: 'hotpink' })


      ↓ ↓ ↓ ↓ ↓ ↓

import { css } from '@emotion/react';
let style = {
  name: \\"3sn2xs\\",
  styles: \\"color:hotpink\\"
};"
`;

exports[`disable source map styled 1`] = `
"import styled from '@emotion/styled'

let Comp = styled.div({ color: 'hotpink' })


      ↓ ↓ ↓ ↓ ↓ ↓

import _styled from \\"@emotion/styled/base\\";

let Comp = _styled(\\"div\\", {
  target: \\"eggnygh0\\",
  label: \\"Comp\\"
})({
  name: \\"3sn2xs\\",
  styles: \\"color:hotpink\\"
});"
`;

exports[`disable source map vanilla 1`] = `
"import { css } from '@emotion/css'

let cls = css({ color: 'hotpink' })


      ↓ ↓ ↓ ↓ ↓ ↓

import { css } from '@emotion/css';
let cls =
/*#__PURE__*/
css({
  name: \\"3sn2xs\\",
  styles: \\"color:hotpink\\"
});"
`;
