// Jest Snapshot v1, https://goo.gl/fbAQLP

exports[`babel css inline css basic 1`] = `
"
/*#__PURE__*/css([], [], function createEmotionStyledRules() {
        return [{
                \\"display\\": \\"flex\\"
        }];
});"
`;

exports[`babel css inline css object 1`] = `
"
css({
  'display': 'flex'
});"
`;
